2026-08-09 22:23:19.150 [main] INFO  c.e.JournalApp.JournalApplication ---- Starting JournalApplication using Java 1.8.0_482 on hemant with PID 15088 (C:\Users\heman\Desktop\chakshu java\JournalApp\target\classes started by heman in C:\Users\heman\Desktop\chakshu java\JournalApp)
2026-08-09 22:23:19.167 [main] INFO  c.e.JournalApp.JournalApplication ---- The following 1 profile is active: "dev"
2026-08-09 22:23:20.626 [main] INFO  o.s.d.r.c.RepositoryConfigurationDelegate ---- Bootstrapping Spring Data MongoDB repositories in DEFAULT mode.
2026-08-09 22:23:20.725 [main] INFO  o.s.d.r.c.RepositoryConfigurationDelegate ---- Finished Spring Data repository scanning in 89 ms. Found 3 MongoDB repository interfaces.
2026-08-09 22:23:21.922 [main] INFO  o.s.b.w.e.tomcat.TomcatWebServer ---- Tomcat initialized with port(s): 8080 (http)
2026-08-09 22:23:21.932 [main] INFO  o.a.coyote.http11.Http11NioProtocol ---- Initializing ProtocolHandler ["http-nio-8080"]
2026-08-09 22:23:21.935 [main] INFO  o.a.catalina.core.StandardService ---- Starting service [Tomcat]
2026-08-09 22:23:21.935 [main] INFO  o.a.catalina.core.StandardEngine ---- Starting Servlet engine: [Apache Tomcat/9.0.83]
2026-08-09 22:23:22.154 [main] INFO  o.a.c.c.C.[Tomcat].[localhost].[/] ---- Initializing Spring embedded WebApplicationContext
2026-08-09 22:23:22.155 [main] INFO  o.s.b.w.s.c.ServletWebServerApplicationContext ---- Root WebApplicationContext: initialization completed in 2858 ms
2026-08-09 22:23:22.561 [main] INFO  org.mongodb.driver.client ---- MongoClient with metadata {"driver": {"name": "mongo-java-driver|sync|spring-boot", "version": "4.6.1"}, "os": {"type": "Windows", "name": "Windows 11", "architecture": "amd64", "version": "10.0"}, "platform": "Java/Temurin/1.8.0_482-b08"} created with settings MongoClientSettings{readPreference=primary, writeConcern=WriteConcern{w=null, wTimeout=null ms, journal=null}, retryWrites=true, retryReads=true, readConcern=ReadConcern{level=null}, credential=MongoCredential{mechanism=null, userName='chakshupsisodiya_db_user', source='admin', password=<hidden>, mechanismProperties=<hidden>}, streamFactoryFactory=null, commandListeners=[], codecRegistry=ProvidersCodecRegistry{codecProviders=[ValueCodecProvider{}, BsonValueCodecProvider{}, DBRefCodecProvider{}, DBObjectCodecProvider{}, DocumentCodecProvider{}, IterableCodecProvider{}, MapCodecProvider{}, GeoJsonCodecProvider{}, GridFSFileCodecProvider{}, Jsr310CodecProvider{}, JsonObjectCodecProvider{}, BsonCodecProvider{}, EnumCodecProvider{}, com.mongodb.Jep395RecordCodecProvider@56ac5c80]}, clusterSettings={hosts=[127.0.0.1:27017], srvHost=cluster0.3egn4gs.mongodb.net, srvServiceName=mongodb, mode=MULTIPLE, requiredClusterType=REPLICA_SET, requiredReplicaSetName='atlas-t2a5wp-shard-0', serverSelector='null', clusterListeners='[]', serverSelectionTimeout='30000 ms', localThreshold='30000 ms'}, socketSettings=SocketSettings{connectTimeoutMS=10000, readTimeoutMS=0, receiveBufferSize=0, sendBufferSize=0}, heartbeatSocketSettings=SocketSettings{connectTimeoutMS=10000, readTimeoutMS=10000, receiveBufferSize=0, sendBufferSize=0}, connectionPoolSettings=ConnectionPoolSettings{maxSize=100, minSize=0, maxWaitTimeMS=120000, maxConnectionLifeTimeMS=0, maxConnectionIdleTimeMS=0, maintenanceInitialDelayMS=0, maintenanceFrequencyMS=60000, connectionPoolListeners=[], maxConnecting=2}, serverSettings=ServerSettings{heartbeatFrequencyMS=10000, minHeartbeatFrequencyMS=500, serverListeners='[]', serverMonitorListeners='[]'}, sslSettings=SslSettings{enabled=true, invalidHostNameAllowed=false, context=null}, applicationName='null', compressorList=[], uuidRepresentation=JAVA_LEGACY, serverApi=null, autoEncryptionSettings=null, contextProvider=null}
2026-08-09 22:23:22.610 [cluster-ClusterId{value='6a78b082d9282025a64162d4', description='null'}-srv-cluster0.3egn4gs.mongodb.net] INFO  org.mongodb.driver.cluster ---- Adding discovered server ac-1ukl7ej-shard-00-00.3egn4gs.mongodb.net:27017 to client view of cluster
2026-08-09 22:23:22.646 [cluster-ClusterId{value='6a78b082d9282025a64162d4', description='null'}-srv-cluster0.3egn4gs.mongodb.net] INFO  org.mongodb.driver.cluster ---- Adding discovered server ac-1ukl7ej-shard-00-01.3egn4gs.mongodb.net:27017 to client view of cluster
2026-08-09 22:23:22.648 [cluster-ClusterId{value='6a78b082d9282025a64162d4', description='null'}-srv-cluster0.3egn4gs.mongodb.net] INFO  org.mongodb.driver.cluster ---- Adding discovered server ac-1ukl7ej-shard-00-02.3egn4gs.mongodb.net:27017 to client view of cluster
2026-08-09 22:23:23.069 [main] INFO  org.mongodb.driver.cluster ---- No server chosen by com.mongodb.client.internal.MongoClientDelegate$1@6b4283c4 from cluster description ClusterDescription{type=REPLICA_SET, connectionMode=MULTIPLE, serverDescriptions=[ServerDescription{address=ac-1ukl7ej-shard-00-00.3egn4gs.mongodb.net:27017, type=UNKNOWN, state=CONNECTING}, ServerDescription{address=ac-1ukl7ej-shard-00-02.3egn4gs.mongodb.net:27017, type=UNKNOWN, state=CONNECTING}, ServerDescription{address=ac-1ukl7ej-shard-00-01.3egn4gs.mongodb.net:27017, type=UNKNOWN, state=CONNECTING}]}. Waiting for 30000 ms before timing out
2026-08-09 22:23:24.492 [cluster-rtt-ClusterId{value='6a78b082d9282025a64162d4', description='null'}-ac-1ukl7ej-shard-00-00.3egn4gs.mongodb.net:27017] INFO  org.mongodb.driver.connection ---- Opened connection [connectionId{localValue:1, serverValue:106985}] to ac-1ukl7ej-shard-00-00.3egn4gs.mongodb.net:27017
2026-08-09 22:23:24.492 [cluster-ClusterId{value='6a78b082d9282025a64162d4', description='null'}-ac-1ukl7ej-shard-00-02.3egn4gs.mongodb.net:27017] INFO  org.mongodb.driver.connection ---- Opened connection [connectionId{localValue:3, serverValue:105122}] to ac-1ukl7ej-shard-00-02.3egn4gs.mongodb.net:27017
2026-08-09 22:23:24.493 [cluster-rtt-ClusterId{value='6a78b082d9282025a64162d4', description='null'}-ac-1ukl7ej-shard-00-02.3egn4gs.mongodb.net:27017] INFO  org.mongodb.driver.connection ---- Opened connection [connectionId{localValue:2, serverValue:105122}] to ac-1ukl7ej-shard-00-02.3egn4gs.mongodb.net:27017
2026-08-09 22:23:24.492 [cluster-rtt-ClusterId{value='6a78b082d9282025a64162d4', description='null'}-ac-1ukl7ej-shard-00-01.3egn4gs.mongodb.net:27017] INFO  org.mongodb.driver.connection ---- Opened connection [connectionId{localValue:5, serverValue:108322}] to ac-1ukl7ej-shard-00-01.3egn4gs.mongodb.net:27017
2026-08-09 22:23:24.493 [cluster-ClusterId{value='6a78b082d9282025a64162d4', description='null'}-ac-1ukl7ej-shard-00-00.3egn4gs.mongodb.net:27017] INFO  org.mongodb.driver.connection ---- Opened connection [connectionId{localValue:6, serverValue:106985}] to ac-1ukl7ej-shard-00-00.3egn4gs.mongodb.net:27017
2026-08-09 22:23:24.492 [cluster-ClusterId{value='6a78b082d9282025a64162d4', description='null'}-ac-1ukl7ej-shard-00-01.3egn4gs.mongodb.net:27017] INFO  org.mongodb.driver.connection ---- Opened connection [connectionId{localValue:4, serverValue:108392}] to ac-1ukl7ej-shard-00-01.3egn4gs.mongodb.net:27017
2026-08-09 22:23:24.494 [cluster-ClusterId{value='6a78b082d9282025a64162d4', description='null'}-ac-1ukl7ej-shard-00-02.3egn4gs.mongodb.net:27017] INFO  org.mongodb.driver.cluster ---- Monitor thread successfully connected to server with description ServerDescription{address=ac-1ukl7ej-shard-00-02.3egn4gs.mongodb.net:27017, type=REPLICA_SET_SECONDARY, state=CONNECTED, ok=true, minWireVersion=0, maxWireVersion=25, maxDocumentSize=16777216, logicalSessionTimeoutMinutes=30, roundTripTimeNanos=402418800, setName='atlas-t2a5wp-shard-0', canonicalAddress=ac-1ukl7ej-shard-00-02.3egn4gs.mongodb.net:27017, hosts=[ac-1ukl7ej-shard-00-00.3egn4gs.mongodb.net:27017, ac-1ukl7ej-shard-00-01.3egn4gs.mongodb.net:27017, ac-1ukl7ej-shard-00-02.3egn4gs.mongodb.net:27017], passives=[], arbiters=[], primary='ac-1ukl7ej-shard-00-01.3egn4gs.mongodb.net:27017', tagSet=TagSet{[Tag{name='availabilityZone', value='aps1-az2'}, Tag{name='cacheState', value='READY'}, Tag{name='diskState', value='READY'}, Tag{name='nodeType', value='ELECTABLE'}, Tag{name='provider', value='AWS'}, Tag{name='region', value='AP_SOUTH_1'}, Tag{name='workloadType', value='OPERATIONAL'}]}, electionId=null, setVersion=330, topologyVersion=TopologyVersion{processId=6a74a92a3aea445a0fee0324, counter=5}, lastWriteDate=Sun Aug 09 22:23:25 IST 2026, lastUpdateTimeNanos=769254670900}
2026-08-09 22:23:24.495 [cluster-ClusterId{value='6a78b082d9282025a64162d4', description='null'}-ac-1ukl7ej-shard-00-00.3egn4gs.mongodb.net:27017] INFO  org.mongodb.driver.cluster ---- Monitor thread successfully connected to server with description ServerDescription{address=ac-1ukl7ej-shard-00-00.3egn4gs.mongodb.net:27017, type=REPLICA_SET_SECONDARY, state=CONNECTED, ok=true, minWireVersion=0, maxWireVersion=25, maxDocumentSize=16777216, logicalSessionTimeoutMinutes=30, roundTripTimeNanos=395694400, setName='atlas-t2a5wp-shard-0', canonicalAddress=ac-1ukl7ej-shard-00-00.3egn4gs.mongodb.net:27017, hosts=[ac-1ukl7ej-shard-00-00.3egn4gs.mongodb.net:27017, ac-1ukl7ej-shard-00-01.3egn4gs.mongodb.net:27017, ac-1ukl7ej-shard-00-02.3egn4gs.mongodb.net:27017], passives=[], arbiters=[], primary='ac-1ukl7ej-shard-00-01.3egn4gs.mongodb.net:27017', tagSet=TagSet{[Tag{name='availabilityZone', value='aps1-az1'}, Tag{name='cacheState', value='READY'}, Tag{name='diskState', value='READY'}, Tag{name='nodeType', value='ELECTABLE'}, Tag{name='provider', value='AWS'}, Tag{name='region', value='AP_SOUTH_1'}, Tag{name='workloadType', value='OPERATIONAL'}]}, electionId=null, setVersion=330, topologyVersion=TopologyVersion{processId=6a74a411444832edc884ccb3, counter=10}, lastWriteDate=Sun Aug 09 22:23:25 IST 2026, lastUpdateTimeNanos=769254683500}
2026-08-09 22:23:24.495 [cluster-ClusterId{value='6a78b082d9282025a64162d4', description='null'}-ac-1ukl7ej-shard-00-01.3egn4gs.mongodb.net:27017] INFO  org.mongodb.driver.cluster ---- Monitor thread successfully connected to server with description ServerDescription{address=ac-1ukl7ej-shard-00-01.3egn4gs.mongodb.net:27017, type=REPLICA_SET_PRIMARY, state=CONNECTED, ok=true, minWireVersion=0, maxWireVersion=25, maxDocumentSize=16777216, logicalSessionTimeoutMinutes=30, roundTripTimeNanos=395657900, setName='atlas-t2a5wp-shard-0', canonicalAddress=ac-1ukl7ej-shard-00-01.3egn4gs.mongodb.net:27017, hosts=[ac-1ukl7ej-shard-00-00.3egn4gs.mongodb.net:27017, ac-1ukl7ej-shard-00-01.3egn4gs.mongodb.net:27017, ac-1ukl7ej-shard-00-02.3egn4gs.mongodb.net:27017], passives=[], arbiters=[], primary='ac-1ukl7ej-shard-00-01.3egn4gs.mongodb.net:27017', tagSet=TagSet{[Tag{name='availabilityZone', value='aps1-az3'}, Tag{name='cacheState', value='READY'}, Tag{name='diskState', value='READY'}, Tag{name='nodeType', value='ELECTABLE'}, Tag{name='provider', value='AWS'}, Tag{name='region', value='AP_SOUTH_1'}, Tag{name='workloadType', value='OPERATIONAL'}]}, electionId=7fffffff0000000000000167, setVersion=330, topologyVersion=TopologyVersion{processId=6a74a68f2aca9fd3ecaf366e, counter=10}, lastWriteDate=Sun Aug 09 22:23:25 IST 2026, lastUpdateTimeNanos=769254670800}
2026-08-09 22:23:24.501 [cluster-ClusterId{value='6a78b082d9282025a64162d4', description='null'}-ac-1ukl7ej-shard-00-01.3egn4gs.mongodb.net:27017] INFO  org.mongodb.driver.cluster ---- Setting max election id to 7fffffff0000000000000167 from replica set primary ac-1ukl7ej-shard-00-01.3egn4gs.mongodb.net:27017
2026-08-09 22:23:24.502 [cluster-ClusterId{value='6a78b082d9282025a64162d4', description='null'}-ac-1ukl7ej-shard-00-01.3egn4gs.mongodb.net:27017] INFO  org.mongodb.driver.cluster ---- Setting max set version to 330 from replica set primary ac-1ukl7ej-shard-00-01.3egn4gs.mongodb.net:27017
2026-08-09 22:23:24.503 [cluster-ClusterId{value='6a78b082d9282025a64162d4', description='null'}-ac-1ukl7ej-shard-00-01.3egn4gs.mongodb.net:27017] INFO  org.mongodb.driver.cluster ---- Discovered replica set primary ac-1ukl7ej-shard-00-01.3egn4gs.mongodb.net:27017
2026-08-09 22:23:24.770 [main] INFO  org.mongodb.driver.connection ---- Opened connection [connectionId{localValue:7, serverValue:108322}] to ac-1ukl7ej-shard-00-01.3egn4gs.mongodb.net:27017
2026-08-09 22:23:25.361 [main] WARN  o.s.b.w.s.c.AnnotationConfigServletWebServerApplicationContext ---- Exception encountered during context initialization - cancelling refresh attempt: org.springframework.beans.factory.BeanCreationException: Error creating bean with name 'userScheduler' defined in file [C:\Users\heman\Desktop\chakshu java\JournalApp\target\classes\com\example\JournalApp\scheduler\UserScheduler.class]: Initialization of bean failed; nested exception is java.lang.IllegalStateException: Encountered invalid @Scheduled method 'fetchUsersAndSendSaMail': Cron expression must consist of 6 fields (found 9 in "0 0 13 * * *", zone = "Asia/Kolkata"")
2026-08-09 22:23:25.807 [main] INFO  o.a.catalina.core.StandardService ---- Stopping service [Tomcat]
2026-08-09 22:23:25.827 [main] INFO  o.s.b.a.l.ConditionEvaluationReportLoggingListener ---- 

Error starting ApplicationContext. To display the conditions report re-run your application with 'debug' enabled.
2026-08-09 22:23:25.857 [main] ERROR o.s.boot.SpringApplication ---- Application run failed
org.springframework.beans.factory.BeanCreationException: Error creating bean with name 'userScheduler' defined in file [C:\Users\heman\Desktop\chakshu java\JournalApp\target\classes\com\example\JournalApp\scheduler\UserScheduler.class]: Initialization of bean failed; nested exception is java.lang.IllegalStateException: Encountered invalid @Scheduled method 'fetchUsersAndSendSaMail': Cron expression must consist of 6 fields (found 9 in "0 0 13 * * *", zone = "Asia/Kolkata"")
	at org.springframework.beans.factory.support.AbstractAutowireCapableBeanFactory.doCreateBean(AbstractAutowireCapableBeanFactory.java:628)
	at org.springframework.beans.factory.support.AbstractAutowireCapableBeanFactory.createBean(AbstractAutowireCapableBeanFactory.java:542)
	at org.springframework.beans.factory.support.AbstractBeanFactory.lambda$doGetBean$0(AbstractBeanFactory.java:335)
	at org.springframework.beans.factory.support.DefaultSingletonBeanRegistry.getSingleton(DefaultSingletonBeanRegistry.java:234)
	at org.springframework.beans.factory.support.AbstractBeanFactory.doGetBean(AbstractBeanFactory.java:333)
	at org.springframework.beans.factory.support.AbstractBeanFactory.getBean(AbstractBeanFactory.java:208)
	at org.springframework.beans.factory.support.DefaultListableBeanFactory.preInstantiateSingletons(DefaultListableBeanFactory.java:955)
	at org.springframework.context.support.AbstractApplicationContext.finishBeanFactoryInitialization(AbstractApplicationContext.java:929)
	at org.springframework.context.support.AbstractApplicationContext.refresh(AbstractApplicationContext.java:591)
	at org.springframework.boot.web.servlet.context.ServletWebServerApplicationContext.refresh(ServletWebServerApplicationContext.java:147)
	at org.springframework.boot.SpringApplication.refresh(SpringApplication.java:732)
	at org.springframework.boot.SpringApplication.refreshContext(SpringApplication.java:409)
	at org.springframework.boot.SpringApplication.run(SpringApplication.java:308)
	at org.springframework.boot.SpringApplication.run(SpringApplication.java:1300)
	at org.springframework.boot.SpringApplication.run(SpringApplication.java:1289)
	at com.example.JournalApp.JournalApplication.main(JournalApplication.java:19)
Caused by: java.lang.IllegalStateException: Encountered invalid @Scheduled method 'fetchUsersAndSendSaMail': Cron expression must consist of 6 fields (found 9 in "0 0 13 * * *", zone = "Asia/Kolkata"")
	at org.springframework.scheduling.annotation.ScheduledAnnotationBeanPostProcessor.processScheduled(ScheduledAnnotationBeanPostProcessor.java:518)
	at org.springframework.scheduling.annotation.ScheduledAnnotationBeanPostProcessor.lambda$null$1(ScheduledAnnotationBeanPostProcessor.java:380)
	at java.lang.Iterable.forEach(Iterable.java:75)
	at org.springframework.scheduling.annotation.ScheduledAnnotationBeanPostProcessor.lambda$postProcessAfterInitialization$2(ScheduledAnnotationBeanPostProcessor.java:380)
	at java.util.LinkedHashMap.forEach(LinkedHashMap.java:684)
	at org.springframework.scheduling.annotation.ScheduledAnnotationBeanPostProcessor.postProcessAfterInitialization(ScheduledAnnotationBeanPostProcessor.java:379)
	at org.springframework.beans.factory.support.AbstractAutowireCapableBeanFactory.applyBeanPostProcessorsAfterInitialization(AbstractAutowireCapableBeanFactory.java:455)
	at org.springframework.beans.factory.support.AbstractAutowireCapableBeanFactory.initializeBean(AbstractAutowireCapableBeanFactory.java:1808)
	at org.springframework.beans.factory.support.AbstractAutowireCapableBeanFactory.doCreateBean(AbstractAutowireCapableBeanFactory.java:620)
	... 15 common frames omitted
2026-08-09 22:26:53.660 [main] INFO  c.e.JournalApp.JournalApplication ---- Starting JournalApplication using Java 1.8.0_482 on hemant with PID 11196 (C:\Users\heman\Desktop\chakshu java\JournalApp\target\classes started by heman in C:\Users\heman\Desktop\chakshu java\JournalApp)
2026-08-09 22:26:53.665 [main] INFO  c.e.JournalApp.JournalApplication ---- The following 1 profile is active: "dev"
2026-08-09 22:26:54.493 [main] INFO  o.s.d.r.c.RepositoryConfigurationDelegate ---- Bootstrapping Spring Data MongoDB repositories in DEFAULT mode.
2026-08-09 22:26:54.556 [main] INFO  o.s.d.r.c.RepositoryConfigurationDelegate ---- Finished Spring Data repository scanning in 58 ms. Found 3 MongoDB repository interfaces.
2026-08-09 22:26:55.511 [main] INFO  o.s.b.w.e.tomcat.TomcatWebServer ---- Tomcat initialized with port(s): 8080 (http)
2026-08-09 22:26:55.519 [main] INFO  o.a.coyote.http11.Http11NioProtocol ---- Initializing ProtocolHandler ["http-nio-8080"]
2026-08-09 22:26:55.523 [main] INFO  o.a.catalina.core.StandardService ---- Starting service [Tomcat]
2026-08-09 22:26:55.523 [main] INFO  o.a.catalina.core.StandardEngine ---- Starting Servlet engine: [Apache Tomcat/9.0.83]
2026-08-09 22:26:55.657 [main] INFO  o.a.c.c.C.[Tomcat].[localhost].[/] ---- Initializing Spring embedded WebApplicationContext
2026-08-09 22:26:55.658 [main] INFO  o.s.b.w.s.c.ServletWebServerApplicationContext ---- Root WebApplicationContext: initialization completed in 1931 ms
2026-08-09 22:26:55.935 [main] INFO  org.mongodb.driver.client ---- MongoClient with metadata {"driver": {"name": "mongo-java-driver|sync|spring-boot", "version": "4.6.1"}, "os": {"type": "Windows", "name": "Windows 11", "architecture": "amd64", "version": "10.0"}, "platform": "Java/Temurin/1.8.0_482-b08"} created with settings MongoClientSettings{readPreference=primary, writeConcern=WriteConcern{w=null, wTimeout=null ms, journal=null}, retryWrites=true, retryReads=true, readConcern=ReadConcern{level=null}, credential=MongoCredential{mechanism=null, userName='chakshupsisodiya_db_user', source='admin', password=<hidden>, mechanismProperties=<hidden>}, streamFactoryFactory=null, commandListeners=[], codecRegistry=ProvidersCodecRegistry{codecProviders=[ValueCodecProvider{}, BsonValueCodecProvider{}, DBRefCodecProvider{}, DBObjectCodecProvider{}, DocumentCodecProvider{}, IterableCodecProvider{}, MapCodecProvider{}, GeoJsonCodecProvider{}, GridFSFileCodecProvider{}, Jsr310CodecProvider{}, JsonObjectCodecProvider{}, BsonCodecProvider{}, EnumCodecProvider{}, com.mongodb.Jep395RecordCodecProvider@7de843ef]}, clusterSettings={hosts=[127.0.0.1:27017], srvHost=cluster0.3egn4gs.mongodb.net, srvServiceName=mongodb, mode=MULTIPLE, requiredClusterType=REPLICA_SET, requiredReplicaSetName='atlas-t2a5wp-shard-0', serverSelector='null', clusterListeners='[]', serverSelectionTimeout='30000 ms', localThreshold='30000 ms'}, socketSettings=SocketSettings{connectTimeoutMS=10000, readTimeoutMS=0, receiveBufferSize=0, sendBufferSize=0}, heartbeatSocketSettings=SocketSettings{connectTimeoutMS=10000, readTimeoutMS=10000, receiveBufferSize=0, sendBufferSize=0}, connectionPoolSettings=ConnectionPoolSettings{maxSize=100, minSize=0, maxWaitTimeMS=120000, maxConnectionLifeTimeMS=0, maxConnectionIdleTimeMS=0, maintenanceInitialDelayMS=0, maintenanceFrequencyMS=60000, connectionPoolListeners=[], maxConnecting=2}, serverSettings=ServerSettings{heartbeatFrequencyMS=10000, minHeartbeatFrequencyMS=500, serverListeners='[]', serverMonitorListeners='[]'}, sslSettings=SslSettings{enabled=true, invalidHostNameAllowed=false, context=null}, applicationName='null', compressorList=[], uuidRepresentation=JAVA_LEGACY, serverApi=null, autoEncryptionSettings=null, contextProvider=null}
2026-08-09 22:26:55.969 [cluster-ClusterId{value='6a78b15764b0841c2ddc5f0e', description='null'}-srv-cluster0.3egn4gs.mongodb.net] INFO  org.mongodb.driver.cluster ---- Adding discovered server ac-1ukl7ej-shard-00-00.3egn4gs.mongodb.net:27017 to client view of cluster
2026-08-09 22:26:55.991 [cluster-ClusterId{value='6a78b15764b0841c2ddc5f0e', description='null'}-srv-cluster0.3egn4gs.mongodb.net] INFO  org.mongodb.driver.cluster ---- Adding discovered server ac-1ukl7ej-shard-00-01.3egn4gs.mongodb.net:27017 to client view of cluster
2026-08-09 22:26:55.991 [cluster-ClusterId{value='6a78b15764b0841c2ddc5f0e', description='null'}-srv-cluster0.3egn4gs.mongodb.net] INFO  org.mongodb.driver.cluster ---- Adding discovered server ac-1ukl7ej-shard-00-02.3egn4gs.mongodb.net:27017 to client view of cluster
2026-08-09 22:26:56.337 [main] INFO  org.mongodb.driver.cluster ---- No server chosen by com.mongodb.client.internal.MongoClientDelegate$1@1729ec00 from cluster description ClusterDescription{type=REPLICA_SET, connectionMode=MULTIPLE, serverDescriptions=[ServerDescription{address=ac-1ukl7ej-shard-00-00.3egn4gs.mongodb.net:27017, type=UNKNOWN, state=CONNECTING}, ServerDescription{address=ac-1ukl7ej-shard-00-02.3egn4gs.mongodb.net:27017, type=UNKNOWN, state=CONNECTING}, ServerDescription{address=ac-1ukl7ej-shard-00-01.3egn4gs.mongodb.net:27017, type=UNKNOWN, state=CONNECTING}]}. Waiting for 30000 ms before timing out
2026-08-09 22:26:56.668 [cluster-rtt-ClusterId{value='6a78b15764b0841c2ddc5f0e', description='null'}-ac-1ukl7ej-shard-00-02.3egn4gs.mongodb.net:27017] INFO  org.mongodb.driver.connection ---- Opened connection [connectionId{localValue:3, serverValue:105237}] to ac-1ukl7ej-shard-00-02.3egn4gs.mongodb.net:27017
2026-08-09 22:26:56.668 [cluster-rtt-ClusterId{value='6a78b15764b0841c2ddc5f0e', description='null'}-ac-1ukl7ej-shard-00-01.3egn4gs.mongodb.net:27017] INFO  org.mongodb.driver.connection ---- Opened connection [connectionId{localValue:1, serverValue:108504}] to ac-1ukl7ej-shard-00-01.3egn4gs.mongodb.net:27017
2026-08-09 22:26:56.668 [cluster-ClusterId{value='6a78b15764b0841c2ddc5f0e', description='null'}-ac-1ukl7ej-shard-00-02.3egn4gs.mongodb.net:27017] INFO  org.mongodb.driver.connection ---- Opened connection [connectionId{localValue:5, serverValue:105237}] to ac-1ukl7ej-shard-00-02.3egn4gs.mongodb.net:27017
2026-08-09 22:26:56.668 [cluster-rtt-ClusterId{value='6a78b15764b0841c2ddc5f0e', description='null'}-ac-1ukl7ej-shard-00-00.3egn4gs.mongodb.net:27017] INFO  org.mongodb.driver.connection ---- Opened connection [connectionId{localValue:2, serverValue:107151}] to ac-1ukl7ej-shard-00-00.3egn4gs.mongodb.net:27017
2026-08-09 22:26:56.668 [cluster-ClusterId{value='6a78b15764b0841c2ddc5f0e', description='null'}-ac-1ukl7ej-shard-00-01.3egn4gs.mongodb.net:27017] INFO  org.mongodb.driver.connection ---- Opened connection [connectionId{localValue:4, serverValue:108542}] to ac-1ukl7ej-shard-00-01.3egn4gs.mongodb.net:27017
2026-08-09 22:26:56.668 [cluster-ClusterId{value='6a78b15764b0841c2ddc5f0e', description='null'}-ac-1ukl7ej-shard-00-00.3egn4gs.mongodb.net:27017] INFO  org.mongodb.driver.connection ---- Opened connection [connectionId{localValue:6, serverValue:107151}] to ac-1ukl7ej-shard-00-00.3egn4gs.mongodb.net:27017
2026-08-09 22:26:56.671 [cluster-ClusterId{value='6a78b15764b0841c2ddc5f0e', description='null'}-ac-1ukl7ej-shard-00-02.3egn4gs.mongodb.net:27017] INFO  org.mongodb.driver.cluster ---- Monitor thread successfully connected to server with description ServerDescription{address=ac-1ukl7ej-shard-00-02.3egn4gs.mongodb.net:27017, type=REPLICA_SET_SECONDARY, state=CONNECTED, ok=true, minWireVersion=0, maxWireVersion=25, maxDocumentSize=16777216, logicalSessionTimeoutMinutes=30, roundTripTimeNanos=321161800, setName='atlas-t2a5wp-shard-0', canonicalAddress=ac-1ukl7ej-shard-00-02.3egn4gs.mongodb.net:27017, hosts=[ac-1ukl7ej-shard-00-00.3egn4gs.mongodb.net:27017, ac-1ukl7ej-shard-00-01.3egn4gs.mongodb.net:27017, ac-1ukl7ej-shard-00-02.3egn4gs.mongodb.net:27017], passives=[], arbiters=[], primary='ac-1ukl7ej-shard-00-01.3egn4gs.mongodb.net:27017', tagSet=TagSet{[Tag{name='availabilityZone', value='aps1-az2'}, Tag{name='cacheState', value='READY'}, Tag{name='diskState', value='READY'}, Tag{name='nodeType', value='ELECTABLE'}, Tag{name='provider', value='AWS'}, Tag{name='region', value='AP_SOUTH_1'}, Tag{name='workloadType', value='OPERATIONAL'}]}, electionId=null, setVersion=330, topologyVersion=TopologyVersion{processId=6a74a92a3aea445a0fee0324, counter=5}, lastWriteDate=Sun Aug 09 22:26:58 IST 2026, lastUpdateTimeNanos=981428005200}
2026-08-09 22:26:56.671 [cluster-ClusterId{value='6a78b15764b0841c2ddc5f0e', description='null'}-ac-1ukl7ej-shard-00-01.3egn4gs.mongodb.net:27017] INFO  org.mongodb.driver.cluster ---- Monitor thread successfully connected to server with description ServerDescription{address=ac-1ukl7ej-shard-00-01.3egn4gs.mongodb.net:27017, type=REPLICA_SET_PRIMARY, state=CONNECTED, ok=true, minWireVersion=0, maxWireVersion=25, maxDocumentSize=16777216, logicalSessionTimeoutMinutes=30, roundTripTimeNanos=311616900, setName='atlas-t2a5wp-shard-0', canonicalAddress=ac-1ukl7ej-shard-00-01.3egn4gs.mongodb.net:27017, hosts=[ac-1ukl7ej-shard-00-00.3egn4gs.mongodb.net:27017, ac-1ukl7ej-shard-00-01.3egn4gs.mongodb.net:27017, ac-1ukl7ej-shard-00-02.3egn4gs.mongodb.net:27017], passives=[], arbiters=[], primary='ac-1ukl7ej-shard-00-01.3egn4gs.mongodb.net:27017', tagSet=TagSet{[Tag{name='availabilityZone', value='aps1-az3'}, Tag{name='cacheState', value='READY'}, Tag{name='diskState', value='READY'}, Tag{name='nodeType', value='ELECTABLE'}, Tag{name='provider', value='AWS'}, Tag{name='region', value='AP_SOUTH_1'}, Tag{name='workloadType', value='OPERATIONAL'}]}, electionId=7fffffff0000000000000167, setVersion=330, topologyVersion=TopologyVersion{processId=6a74a68f2aca9fd3ecaf366e, counter=10}, lastWriteDate=Sun Aug 09 22:26:58 IST 2026, lastUpdateTimeNanos=981428004900}
2026-08-09 22:26:56.671 [cluster-ClusterId{value='6a78b15764b0841c2ddc5f0e', description='null'}-ac-1ukl7ej-shard-00-00.3egn4gs.mongodb.net:27017] INFO  org.mongodb.driver.cluster ---- Monitor thread successfully connected to server with description ServerDescription{address=ac-1ukl7ej-shard-00-00.3egn4gs.mongodb.net:27017, type=REPLICA_SET_SECONDARY, state=CONNECTED, ok=true, minWireVersion=0, maxWireVersion=25, maxDocumentSize=16777216, logicalSessionTimeoutMinutes=30, roundTripTimeNanos=320480600, setName='atlas-t2a5wp-shard-0', canonicalAddress=ac-1ukl7ej-shard-00-00.3egn4gs.mongodb.net:27017, hosts=[ac-1ukl7ej-shard-00-00.3egn4gs.mongodb.net:27017, ac-1ukl7ej-shard-00-01.3egn4gs.mongodb.net:27017, ac-1ukl7ej-shard-00-02.3egn4gs.mongodb.net:27017], passives=[], arbiters=[], primary='ac-1ukl7ej-shard-00-01.3egn4gs.mongodb.net:27017', tagSet=TagSet{[Tag{name='availabilityZone', value='aps1-az1'}, Tag{name='cacheState', value='READY'}, Tag{name='diskState', value='READY'}, Tag{name='nodeType', value='ELECTABLE'}, Tag{name='provider', value='AWS'}, Tag{name='region', value='AP_SOUTH_1'}, Tag{name='workloadType', value='OPERATIONAL'}]}, electionId=null, setVersion=330, topologyVersion=TopologyVersion{processId=6a74a411444832edc884ccb3, counter=10}, lastWriteDate=Sun Aug 09 22:26:58 IST 2026, lastUpdateTimeNanos=981428055700}
2026-08-09 22:26:56.679 [cluster-ClusterId{value='6a78b15764b0841c2ddc5f0e', description='null'}-ac-1ukl7ej-shard-00-01.3egn4gs.mongodb.net:27017] INFO  org.mongodb.driver.cluster ---- Setting max election id to 7fffffff0000000000000167 from replica set primary ac-1ukl7ej-shard-00-01.3egn4gs.mongodb.net:27017
2026-08-09 22:26:56.680 [cluster-ClusterId{value='6a78b15764b0841c2ddc5f0e', description='null'}-ac-1ukl7ej-shard-00-01.3egn4gs.mongodb.net:27017] INFO  org.mongodb.driver.cluster ---- Setting max set version to 330 from replica set primary ac-1ukl7ej-shard-00-01.3egn4gs.mongodb.net:27017
2026-08-09 22:26:56.680 [cluster-ClusterId{value='6a78b15764b0841c2ddc5f0e', description='null'}-ac-1ukl7ej-shard-00-01.3egn4gs.mongodb.net:27017] INFO  org.mongodb.driver.cluster ---- Discovered replica set primary ac-1ukl7ej-shard-00-01.3egn4gs.mongodb.net:27017
2026-08-09 22:26:56.947 [main] INFO  org.mongodb.driver.connection ---- Opened connection [connectionId{localValue:7, serverValue:108502}] to ac-1ukl7ej-shard-00-01.3egn4gs.mongodb.net:27017
2026-08-09 22:26:57.439 [main] WARN  o.s.b.w.s.c.AnnotationConfigServletWebServerApplicationContext ---- Exception encountered during context initialization - cancelling refresh attempt: org.springframework.beans.factory.BeanCreationException: Error creating bean with name 'userScheduler' defined in file [C:\Users\heman\Desktop\chakshu java\JournalApp\target\classes\com\example\JournalApp\scheduler\UserScheduler.class]: Initialization of bean failed; nested exception is java.lang.IllegalStateException: Encountered invalid @Scheduled method 'fetchUsersAndSendSaMail': Cron expression must consist of 6 fields (found 9 in "0 0 13 * * *", zone = "Asia/Kolkata"")
2026-08-09 22:26:57.584 [main] INFO  o.a.catalina.core.StandardService ---- Stopping service [Tomcat]
2026-08-09 22:26:57.597 [main] INFO  o.s.b.a.l.ConditionEvaluationReportLoggingListener ---- 

Error starting ApplicationContext. To display the conditions report re-run your application with 'debug' enabled.
2026-08-09 22:26:57.633 [main] ERROR o.s.boot.SpringApplication ---- Application run failed
org.springframework.beans.factory.BeanCreationException: Error creating bean with name 'userScheduler' defined in file [C:\Users\heman\Desktop\chakshu java\JournalApp\target\classes\com\example\JournalApp\scheduler\UserScheduler.class]: Initialization of bean failed; nested exception is java.lang.IllegalStateException: Encountered invalid @Scheduled method 'fetchUsersAndSendSaMail': Cron expression must consist of 6 fields (found 9 in "0 0 13 * * *", zone = "Asia/Kolkata"")
	at org.springframework.beans.factory.support.AbstractAutowireCapableBeanFactory.doCreateBean(AbstractAutowireCapableBeanFactory.java:628)
	at org.springframework.beans.factory.support.AbstractAutowireCapableBeanFactory.createBean(AbstractAutowireCapableBeanFactory.java:542)
	at org.springframework.beans.factory.support.AbstractBeanFactory.lambda$doGetBean$0(AbstractBeanFactory.java:335)
	at org.springframework.beans.factory.support.DefaultSingletonBeanRegistry.getSingleton(DefaultSingletonBeanRegistry.java:234)
	at org.springframework.beans.factory.support.AbstractBeanFactory.doGetBean(AbstractBeanFactory.java:333)
	at org.springframework.beans.factory.support.AbstractBeanFactory.getBean(AbstractBeanFactory.java:208)
	at org.springframework.beans.factory.support.DefaultListableBeanFactory.preInstantiateSingletons(DefaultListableBeanFactory.java:955)
	at org.springframework.context.support.AbstractApplicationContext.finishBeanFactoryInitialization(AbstractApplicationContext.java:929)
	at org.springframework.context.support.AbstractApplicationContext.refresh(AbstractApplicationContext.java:591)
	at org.springframework.boot.web.servlet.context.ServletWebServerApplicationContext.refresh(ServletWebServerApplicationContext.java:147)
	at org.springframework.boot.SpringApplication.refresh(SpringApplication.java:732)
	at org.springframework.boot.SpringApplication.refreshContext(SpringApplication.java:409)
	at org.springframework.boot.SpringApplication.run(SpringApplication.java:308)
	at org.springframework.boot.SpringApplication.run(SpringApplication.java:1300)
	at org.springframework.boot.SpringApplication.run(SpringApplication.java:1289)
	at com.example.JournalApp.JournalApplication.main(JournalApplication.java:19)
Caused by: java.lang.IllegalStateException: Encountered invalid @Scheduled method 'fetchUsersAndSendSaMail': Cron expression must consist of 6 fields (found 9 in "0 0 13 * * *", zone = "Asia/Kolkata"")
	at org.springframework.scheduling.annotation.ScheduledAnnotationBeanPostProcessor.processScheduled(ScheduledAnnotationBeanPostProcessor.java:518)
	at org.springframework.scheduling.annotation.ScheduledAnnotationBeanPostProcessor.lambda$null$1(ScheduledAnnotationBeanPostProcessor.java:380)
	at java.lang.Iterable.forEach(Iterable.java:75)
	at org.springframework.scheduling.annotation.ScheduledAnnotationBeanPostProcessor.lambda$postProcessAfterInitialization$2(ScheduledAnnotationBeanPostProcessor.java:380)
	at java.util.LinkedHashMap.forEach(LinkedHashMap.java:684)
	at org.springframework.scheduling.annotation.ScheduledAnnotationBeanPostProcessor.postProcessAfterInitialization(ScheduledAnnotationBeanPostProcessor.java:379)
	at org.springframework.beans.factory.support.AbstractAutowireCapableBeanFactory.applyBeanPostProcessorsAfterInitialization(AbstractAutowireCapableBeanFactory.java:455)
	at org.springframework.beans.factory.support.AbstractAutowireCapableBeanFactory.initializeBean(AbstractAutowireCapableBeanFactory.java:1808)
	at org.springframework.beans.factory.support.AbstractAutowireCapableBeanFactory.doCreateBean(AbstractAutowireCapableBeanFactory.java:620)
	... 15 common frames omitted
2026-08-09 22:32:07.669 [main] INFO  c.e.JournalApp.JournalApplication ---- Starting JournalApplication using Java 1.8.0_482 on hemant with PID 15196 (C:\Users\heman\Desktop\chakshu java\JournalApp\target\classes started by heman in C:\Users\heman\Desktop\chakshu java\JournalApp)
2026-08-09 22:32:07.675 [main] INFO  c.e.JournalApp.JournalApplication ---- The following 1 profile is active: "dev"
2026-08-09 22:32:08.445 [main] INFO  o.s.d.r.c.RepositoryConfigurationDelegate ---- Bootstrapping Spring Data MongoDB repositories in DEFAULT mode.
2026-08-09 22:32:08.506 [main] INFO  o.s.d.r.c.RepositoryConfigurationDelegate ---- Finished Spring Data repository scanning in 56 ms. Found 3 MongoDB repository interfaces.
2026-08-09 22:32:09.375 [main] INFO  o.s.b.w.e.tomcat.TomcatWebServer ---- Tomcat initialized with port(s): 8080 (http)
2026-08-09 22:32:09.382 [main] INFO  o.a.coyote.http11.Http11NioProtocol ---- Initializing ProtocolHandler ["http-nio-8080"]
2026-08-09 22:32:09.386 [main] INFO  o.a.catalina.core.StandardService ---- Starting service [Tomcat]
2026-08-09 22:32:09.386 [main] INFO  o.a.catalina.core.StandardEngine ---- Starting Servlet engine: [Apache Tomcat/9.0.83]
2026-08-09 22:32:09.524 [main] INFO  o.a.c.c.C.[Tomcat].[localhost].[/] ---- Initializing Spring embedded WebApplicationContext
2026-08-09 22:32:09.524 [main] INFO  o.s.b.w.s.c.ServletWebServerApplicationContext ---- Root WebApplicationContext: initialization completed in 1776 ms
2026-08-09 22:32:09.797 [main] INFO  org.mongodb.driver.client ---- MongoClient with metadata {"driver": {"name": "mongo-java-driver|sync|spring-boot", "version": "4.6.1"}, "os": {"type": "Windows", "name": "Windows 11", "architecture": "amd64", "version": "10.0"}, "platform": "Java/Temurin/1.8.0_482-b08"} created with settings MongoClientSettings{readPreference=primary, writeConcern=WriteConcern{w=null, wTimeout=null ms, journal=null}, retryWrites=true, retryReads=true, readConcern=ReadConcern{level=null}, credential=MongoCredential{mechanism=null, userName='chakshupsisodiya_db_user', source='admin', password=<hidden>, mechanismProperties=<hidden>}, streamFactoryFactory=null, commandListeners=[], codecRegistry=ProvidersCodecRegistry{codecProviders=[ValueCodecProvider{}, BsonValueCodecProvider{}, DBRefCodecProvider{}, DBObjectCodecProvider{}, DocumentCodecProvider{}, IterableCodecProvider{}, MapCodecProvider{}, GeoJsonCodecProvider{}, GridFSFileCodecProvider{}, Jsr310CodecProvider{}, JsonObjectCodecProvider{}, BsonCodecProvider{}, EnumCodecProvider{}, com.mongodb.Jep395RecordCodecProvider@1fcf9739]}, clusterSettings={hosts=[127.0.0.1:27017], srvHost=cluster0.3egn4gs.mongodb.net, srvServiceName=mongodb, mode=MULTIPLE, requiredClusterType=REPLICA_SET, requiredReplicaSetName='atlas-t2a5wp-shard-0', serverSelector='null', clusterListeners='[]', serverSelectionTimeout='30000 ms', localThreshold='30000 ms'}, socketSettings=SocketSettings{connectTimeoutMS=10000, readTimeoutMS=0, receiveBufferSize=0, sendBufferSize=0}, heartbeatSocketSettings=SocketSettings{connectTimeoutMS=10000, readTimeoutMS=10000, receiveBufferSize=0, sendBufferSize=0}, connectionPoolSettings=ConnectionPoolSettings{maxSize=100, minSize=0, maxWaitTimeMS=120000, maxConnectionLifeTimeMS=0, maxConnectionIdleTimeMS=0, maintenanceInitialDelayMS=0, maintenanceFrequencyMS=60000, connectionPoolListeners=[], maxConnecting=2}, serverSettings=ServerSettings{heartbeatFrequencyMS=10000, minHeartbeatFrequencyMS=500, serverListeners='[]', serverMonitorListeners='[]'}, sslSettings=SslSettings{enabled=true, invalidHostNameAllowed=false, context=null}, applicationName='null', compressorList=[], uuidRepresentation=JAVA_LEGACY, serverApi=null, autoEncryptionSettings=null, contextProvider=null}
2026-08-09 22:32:09.842 [cluster-ClusterId{value='6a78b291eaa3df0aad2b46b6', description='null'}-srv-cluster0.3egn4gs.mongodb.net] INFO  org.mongodb.driver.cluster ---- Adding discovered server ac-1ukl7ej-shard-00-00.3egn4gs.mongodb.net:27017 to client view of cluster
2026-08-09 22:32:09.868 [cluster-ClusterId{value='6a78b291eaa3df0aad2b46b6', description='null'}-srv-cluster0.3egn4gs.mongodb.net] INFO  org.mongodb.driver.cluster ---- Adding discovered server ac-1ukl7ej-shard-00-01.3egn4gs.mongodb.net:27017 to client view of cluster
2026-08-09 22:32:09.869 [cluster-ClusterId{value='6a78b291eaa3df0aad2b46b6', description='null'}-srv-cluster0.3egn4gs.mongodb.net] INFO  org.mongodb.driver.cluster ---- Adding discovered server ac-1ukl7ej-shard-00-02.3egn4gs.mongodb.net:27017 to client view of cluster
2026-08-09 22:32:10.158 [main] INFO  org.mongodb.driver.cluster ---- No server chosen by com.mongodb.client.internal.MongoClientDelegate$1@5527b211 from cluster description ClusterDescription{type=REPLICA_SET, connectionMode=MULTIPLE, serverDescriptions=[ServerDescription{address=ac-1ukl7ej-shard-00-00.3egn4gs.mongodb.net:27017, type=UNKNOWN, state=CONNECTING}, ServerDescription{address=ac-1ukl7ej-shard-00-02.3egn4gs.mongodb.net:27017, type=UNKNOWN, state=CONNECTING}, ServerDescription{address=ac-1ukl7ej-shard-00-01.3egn4gs.mongodb.net:27017, type=UNKNOWN, state=CONNECTING}]}. Waiting for 30000 ms before timing out
2026-08-09 22:32:10.507 [cluster-ClusterId{value='6a78b291eaa3df0aad2b46b6', description='null'}-ac-1ukl7ej-shard-00-01.3egn4gs.mongodb.net:27017] INFO  org.mongodb.driver.connection ---- Opened connection [connectionId{localValue:4, serverValue:108599}] to ac-1ukl7ej-shard-00-01.3egn4gs.mongodb.net:27017
2026-08-09 22:32:10.507 [cluster-ClusterId{value='6a78b291eaa3df0aad2b46b6', description='null'}-ac-1ukl7ej-shard-00-02.3egn4gs.mongodb.net:27017] INFO  org.mongodb.driver.connection ---- Opened connection [connectionId{localValue:5, serverValue:105381}] to ac-1ukl7ej-shard-00-02.3egn4gs.mongodb.net:27017
2026-08-09 22:32:10.507 [cluster-rtt-ClusterId{value='6a78b291eaa3df0aad2b46b6', description='null'}-ac-1ukl7ej-shard-00-00.3egn4gs.mongodb.net:27017] INFO  org.mongodb.driver.connection ---- Opened connection [connectionId{localValue:3, serverValue:107290}] to ac-1ukl7ej-shard-00-00.3egn4gs.mongodb.net:27017
2026-08-09 22:32:10.507 [cluster-rtt-ClusterId{value='6a78b291eaa3df0aad2b46b6', description='null'}-ac-1ukl7ej-shard-00-02.3egn4gs.mongodb.net:27017] INFO  org.mongodb.driver.connection ---- Opened connection [connectionId{localValue:6, serverValue:105381}] to ac-1ukl7ej-shard-00-02.3egn4gs.mongodb.net:27017
2026-08-09 22:32:10.507 [cluster-ClusterId{value='6a78b291eaa3df0aad2b46b6', description='null'}-ac-1ukl7ej-shard-00-00.3egn4gs.mongodb.net:27017] INFO  org.mongodb.driver.connection ---- Opened connection [connectionId{localValue:1, serverValue:107290}] to ac-1ukl7ej-shard-00-00.3egn4gs.mongodb.net:27017
2026-08-09 22:32:10.507 [cluster-rtt-ClusterId{value='6a78b291eaa3df0aad2b46b6', description='null'}-ac-1ukl7ej-shard-00-01.3egn4gs.mongodb.net:27017] INFO  org.mongodb.driver.connection ---- Opened connection [connectionId{localValue:2, serverValue:108599}] to ac-1ukl7ej-shard-00-01.3egn4gs.mongodb.net:27017
2026-08-09 22:32:10.508 [cluster-ClusterId{value='6a78b291eaa3df0aad2b46b6', description='null'}-ac-1ukl7ej-shard-00-02.3egn4gs.mongodb.net:27017] INFO  org.mongodb.driver.cluster ---- Monitor thread successfully connected to server with description ServerDescription{address=ac-1ukl7ej-shard-00-02.3egn4gs.mongodb.net:27017, type=REPLICA_SET_SECONDARY, state=CONNECTED, ok=true, minWireVersion=0, maxWireVersion=25, maxDocumentSize=16777216, logicalSessionTimeoutMinutes=30, roundTripTimeNanos=329563000, setName='atlas-t2a5wp-shard-0', canonicalAddress=ac-1ukl7ej-shard-00-02.3egn4gs.mongodb.net:27017, hosts=[ac-1ukl7ej-shard-00-00.3egn4gs.mongodb.net:27017, ac-1ukl7ej-shard-00-01.3egn4gs.mongodb.net:27017, ac-1ukl7ej-shard-00-02.3egn4gs.mongodb.net:27017], passives=[], arbiters=[], primary='ac-1ukl7ej-shard-00-01.3egn4gs.mongodb.net:27017', tagSet=TagSet{[Tag{name='availabilityZone', value='aps1-az2'}, Tag{name='cacheState', value='READY'}, Tag{name='diskState', value='READY'}, Tag{name='nodeType', value='ELECTABLE'}, Tag{name='provider', value='AWS'}, Tag{name='region', value='AP_SOUTH_1'}, Tag{name='workloadType', value='OPERATIONAL'}]}, electionId=null, setVersion=330, topologyVersion=TopologyVersion{processId=6a74a92a3aea445a0fee0324, counter=5}, lastWriteDate=Sun Aug 09 22:32:11 IST 2026, lastUpdateTimeNanos=1295271036000}
2026-08-09 22:32:10.508 [cluster-ClusterId{value='6a78b291eaa3df0aad2b46b6', description='null'}-ac-1ukl7ej-shard-00-00.3egn4gs.mongodb.net:27017] INFO  org.mongodb.driver.cluster ---- Monitor thread successfully connected to server with description ServerDescription{address=ac-1ukl7ej-shard-00-00.3egn4gs.mongodb.net:27017, type=REPLICA_SET_SECONDARY, state=CONNECTED, ok=true, minWireVersion=0, maxWireVersion=25, maxDocumentSize=16777216, logicalSessionTimeoutMinutes=30, roundTripTimeNanos=329336000, setName='atlas-t2a5wp-shard-0', canonicalAddress=ac-1ukl7ej-shard-00-00.3egn4gs.mongodb.net:27017, hosts=[ac-1ukl7ej-shard-00-00.3egn4gs.mongodb.net:27017, ac-1ukl7ej-shard-00-01.3egn4gs.mongodb.net:27017, ac-1ukl7ej-shard-00-02.3egn4gs.mongodb.net:27017], passives=[], arbiters=[], primary='ac-1ukl7ej-shard-00-01.3egn4gs.mongodb.net:27017', tagSet=TagSet{[Tag{name='availabilityZone', value='aps1-az1'}, Tag{name='cacheState', value='READY'}, Tag{name='diskState', value='READY'}, Tag{name='nodeType', value='ELECTABLE'}, Tag{name='provider', value='AWS'}, Tag{name='region', value='AP_SOUTH_1'}, Tag{name='workloadType', value='OPERATIONAL'}]}, electionId=null, setVersion=330, topologyVersion=TopologyVersion{processId=6a74a411444832edc884ccb3, counter=10}, lastWriteDate=Sun Aug 09 22:32:11 IST 2026, lastUpdateTimeNanos=1295270988200}
2026-08-09 22:32:10.508 [cluster-ClusterId{value='6a78b291eaa3df0aad2b46b6', description='null'}-ac-1ukl7ej-shard-00-01.3egn4gs.mongodb.net:27017] INFO  org.mongodb.driver.cluster ---- Monitor thread successfully connected to server with description ServerDescription{address=ac-1ukl7ej-shard-00-01.3egn4gs.mongodb.net:27017, type=REPLICA_SET_PRIMARY, state=CONNECTED, ok=true, minWireVersion=0, maxWireVersion=25, maxDocumentSize=16777216, logicalSessionTimeoutMinutes=30, roundTripTimeNanos=338198300, setName='atlas-t2a5wp-shard-0', canonicalAddress=ac-1ukl7ej-shard-00-01.3egn4gs.mongodb.net:27017, hosts=[ac-1ukl7ej-shard-00-00.3egn4gs.mongodb.net:27017, ac-1ukl7ej-shard-00-01.3egn4gs.mongodb.net:27017, ac-1ukl7ej-shard-00-02.3egn4gs.mongodb.net:27017], passives=[], arbiters=[], primary='ac-1ukl7ej-shard-00-01.3egn4gs.mongodb.net:27017', tagSet=TagSet{[Tag{name='availabilityZone', value='aps1-az3'}, Tag{name='cacheState', value='READY'}, Tag{name='diskState', value='READY'}, Tag{name='nodeType', value='ELECTABLE'}, Tag{name='provider', value='AWS'}, Tag{name='region', value='AP_SOUTH_1'}, Tag{name='workloadType', value='OPERATIONAL'}]}, electionId=7fffffff0000000000000167, setVersion=330, topologyVersion=TopologyVersion{processId=6a74a68f2aca9fd3ecaf366e, counter=10}, lastWriteDate=Sun Aug 09 22:32:11 IST 2026, lastUpdateTimeNanos=1295271020500}
2026-08-09 22:32:10.512 [cluster-ClusterId{value='6a78b291eaa3df0aad2b46b6', description='null'}-ac-1ukl7ej-shard-00-01.3egn4gs.mongodb.net:27017] INFO  org.mongodb.driver.cluster ---- Setting max election id to 7fffffff0000000000000167 from replica set primary ac-1ukl7ej-shard-00-01.3egn4gs.mongodb.net:27017
2026-08-09 22:32:10.512 [cluster-ClusterId{value='6a78b291eaa3df0aad2b46b6', description='null'}-ac-1ukl7ej-shard-00-01.3egn4gs.mongodb.net:27017] INFO  org.mongodb.driver.cluster ---- Setting max set version to 330 from replica set primary ac-1ukl7ej-shard-00-01.3egn4gs.mongodb.net:27017
2026-08-09 22:32:10.512 [cluster-ClusterId{value='6a78b291eaa3df0aad2b46b6', description='null'}-ac-1ukl7ej-shard-00-01.3egn4gs.mongodb.net:27017] INFO  org.mongodb.driver.cluster ---- Discovered replica set primary ac-1ukl7ej-shard-00-01.3egn4gs.mongodb.net:27017
2026-08-09 22:32:10.775 [main] INFO  org.mongodb.driver.connection ---- Opened connection [connectionId{localValue:7, serverValue:108666}] to ac-1ukl7ej-shard-00-01.3egn4gs.mongodb.net:27017
2026-08-09 22:32:11.343 [main] INFO  o.s.s.web.DefaultSecurityFilterChain ---- Will secure any request with [org.springframework.security.web.session.DisableEncodeUrlFilter@286090c, org.springframework.security.web.context.request.async.WebAsyncManagerIntegrationFilter@31120021, org.springframework.security.web.context.SecurityContextPersistenceFilter@5ebffb44, org.springframework.security.web.header.HeaderWriterFilter@421def93, org.springframework.security.web.authentication.logout.LogoutFilter@62d1dc3c, org.springframework.security.web.authentication.www.BasicAuthenticationFilter@2c413ffc, org.springframework.security.web.savedrequest.RequestCacheAwareFilter@7377781e, org.springframework.security.web.servletapi.SecurityContextHolderAwareRequestFilter@7e307087, org.springframework.security.web.authentication.AnonymousAuthenticationFilter@3df1a1ac, org.springframework.security.web.session.SessionManagementFilter@101a461c, org.springframework.security.web.access.ExceptionTranslationFilter@463561c5, org.springframework.security.web.access.intercept.AuthorizationFilter@2a43e0ac]
2026-08-09 22:32:11.634 [main] INFO  o.a.coyote.http11.Http11NioProtocol ---- Starting ProtocolHandler ["http-nio-8080"]
2026-08-09 22:32:11.652 [main] INFO  o.s.b.w.e.tomcat.TomcatWebServer ---- Tomcat started on port(s): 8080 (http) with context path ''
2026-08-09 22:32:11.663 [main] INFO  c.e.JournalApp.JournalApplication ---- Started JournalApplication in 4.689 seconds (JVM running for 5.688)
2026-08-09 22:32:28.504 [http-nio-8080-exec-4] INFO  o.a.c.c.C.[Tomcat].[localhost].[/] ---- Initializing Spring DispatcherServlet 'dispatcherServlet'
2026-08-09 22:32:28.505 [http-nio-8080-exec-4] INFO  o.s.web.servlet.DispatcherServlet ---- Initializing Servlet 'dispatcherServlet'
2026-08-09 22:32:28.506 [http-nio-8080-exec-4] INFO  o.s.web.servlet.DispatcherServlet ---- Completed initialization in 1 ms
